Archive member included to satisfy reference by file (symbol)

G:\Documents and stuff\Project Avalanche\Workspace 4\nucleo-l152re_stdperiph_lib\Debug\libnucleo-l152re_stdperiph_lib.a(stm32l1xx_gpio.o)
                              src/hGPIO_LIB.o (GPIO_Init)
G:\Documents and stuff\Project Avalanche\Workspace 4\nucleo-l152re_stdperiph_lib\Debug\libnucleo-l152re_stdperiph_lib.a(stm32l1xx_rcc.o)
                              G:\Documents and stuff\Project Avalanche\Workspace 4\nucleo-l152re_stdperiph_lib\Debug\libnucleo-l152re_stdperiph_lib.a(stm32l1xx_gpio.o) (RCC_AHBPeriphResetCmd)
g:/porgrams/stm32 system workbench/plugins/fr.ac6.mcu.externaltools.arm-none.win32_1.13.2.201705091103/tools/compiler/bin/../lib/gcc/arm-none-eabi/5.4.1/../../../../arm-none-eabi/lib/armv7-m\libc.a(lib_a-errno.o)
                              src/syscalls.o (__errno)
g:/porgrams/stm32 system workbench/plugins/fr.ac6.mcu.externaltools.arm-none.win32_1.13.2.201705091103/tools/compiler/bin/../lib/gcc/arm-none-eabi/5.4.1/../../../../arm-none-eabi/lib/armv7-m\libc.a(lib_a-exit.o)
                              g:/porgrams/stm32 system workbench/plugins/fr.ac6.mcu.externaltools.arm-none.win32_1.13.2.201705091103/tools/compiler/bin/../lib/gcc/arm-none-eabi/5.4.1/../../../../arm-none-eabi/lib/armv7-m/crt0.o (exit)
g:/porgrams/stm32 system workbench/plugins/fr.ac6.mcu.externaltools.arm-none.win32_1.13.2.201705091103/tools/compiler/bin/../lib/gcc/arm-none-eabi/5.4.1/../../../../arm-none-eabi/lib/armv7-m\libc.a(lib_a-impure.o)
                              g:/porgrams/stm32 system workbench/plugins/fr.ac6.mcu.externaltools.arm-none.win32_1.13.2.201705091103/tools/compiler/bin/../lib/gcc/arm-none-eabi/5.4.1/../../../../arm-none-eabi/lib/armv7-m\libc.a(lib_a-exit.o) (_global_impure_ptr)
g:/porgrams/stm32 system workbench/plugins/fr.ac6.mcu.externaltools.arm-none.win32_1.13.2.201705091103/tools/compiler/bin/../lib/gcc/arm-none-eabi/5.4.1/../../../../arm-none-eabi/lib/armv7-m\libc.a(lib_a-init.o)
                              g:/porgrams/stm32 system workbench/plugins/fr.ac6.mcu.externaltools.arm-none.win32_1.13.2.201705091103/tools/compiler/bin/../lib/gcc/arm-none-eabi/5.4.1/../../../../arm-none-eabi/lib/armv7-m/crt0.o (__libc_init_array)
g:/porgrams/stm32 system workbench/plugins/fr.ac6.mcu.externaltools.arm-none.win32_1.13.2.201705091103/tools/compiler/bin/../lib/gcc/arm-none-eabi/5.4.1/../../../../arm-none-eabi/lib/armv7-m\libc.a(lib_a-memset.o)
                              g:/porgrams/stm32 system workbench/plugins/fr.ac6.mcu.externaltools.arm-none.win32_1.13.2.201705091103/tools/compiler/bin/../lib/gcc/arm-none-eabi/5.4.1/../../../../arm-none-eabi/lib/armv7-m/crt0.o (memset)
g:/porgrams/stm32 system workbench/plugins/fr.ac6.mcu.externaltools.arm-none.win32_1.13.2.201705091103/tools/compiler/bin/../lib/gcc/arm-none-eabi/5.4.1/../../../../arm-none-eabi/lib/armv7-m\libc.a(lib_a-__call_atexit.o)
                              g:/porgrams/stm32 system workbench/plugins/fr.ac6.mcu.externaltools.arm-none.win32_1.13.2.201705091103/tools/compiler/bin/../lib/gcc/arm-none-eabi/5.4.1/../../../../arm-none-eabi/lib/armv7-m\libc.a(lib_a-exit.o) (__call_exitprocs)
g:/porgrams/stm32 system workbench/plugins/fr.ac6.mcu.externaltools.arm-none.win32_1.13.2.201705091103/tools/compiler/bin/../lib/gcc/arm-none-eabi/5.4.1/../../../../arm-none-eabi/lib/armv7-m\libc.a(lib_a-atexit.o)
                              g:/porgrams/stm32 system workbench/plugins/fr.ac6.mcu.externaltools.arm-none.win32_1.13.2.201705091103/tools/compiler/bin/../lib/gcc/arm-none-eabi/5.4.1/../../../../arm-none-eabi/lib/armv7-m\libc.a(lib_a-__call_atexit.o) (atexit)
g:/porgrams/stm32 system workbench/plugins/fr.ac6.mcu.externaltools.arm-none.win32_1.13.2.201705091103/tools/compiler/bin/../lib/gcc/arm-none-eabi/5.4.1/../../../../arm-none-eabi/lib/armv7-m\libc.a(lib_a-fini.o)
                              g:/porgrams/stm32 system workbench/plugins/fr.ac6.mcu.externaltools.arm-none.win32_1.13.2.201705091103/tools/compiler/bin/../lib/gcc/arm-none-eabi/5.4.1/../../../../arm-none-eabi/lib/armv7-m\libc.a(lib_a-__call_atexit.o) (__libc_fini_array)
g:/porgrams/stm32 system workbench/plugins/fr.ac6.mcu.externaltools.arm-none.win32_1.13.2.201705091103/tools/compiler/bin/../lib/gcc/arm-none-eabi/5.4.1/../../../../arm-none-eabi/lib/armv7-m\libc.a(lib_a-__atexit.o)
                              g:/porgrams/stm32 system workbench/plugins/fr.ac6.mcu.externaltools.arm-none.win32_1.13.2.201705091103/tools/compiler/bin/../lib/gcc/arm-none-eabi/5.4.1/../../../../arm-none-eabi/lib/armv7-m\libc.a(lib_a-atexit.o) (__register_exitproc)

Discarded input sections

 .text          0x00000000        0x0 g:/porgrams/stm32 system workbench/plugins/fr.ac6.mcu.externaltools.arm-none.win32_1.13.2.201705091103/tools/compiler/bin/../lib/gcc/arm-none-eabi/5.4.1/armv7-m/crti.o
[...]
Memory Configuration

Name             Origin             Length             Attributes
FLASH            0x08000000         0x00080000         xr
RAM              0x20000000         0x00014000         xrw
MEMORY_B1        0x60000000         0x00000000         xr
*default*        0x00000000         0xffffffff

Linker script and memory map

LOAD g:/porgrams/stm32 system workbench/plugins/fr.ac6.mcu.externaltools.arm-none.win32_1.13.2.201705091103/tools/compiler/bin/../lib/gcc/arm-none-eabi/5.4.1/armv7-m/crti.o
LOAD g:/porgrams/stm32 system workbench/plugins/fr.ac6.mcu.externaltools.arm-none.win32_1.13.2.201705091103/tools/compiler/bin/../lib/gcc/arm-none-eabi/5.4.1/armv7-m/crtbegin.o
LOAD g:/porgrams/stm32 system workbench/plugins/fr.ac6.mcu.externaltools.arm-none.win32_1.13.2.201705091103/tools/compiler/bin/../lib/gcc/arm-none-eabi/5.4.1/../../../../arm-none-eabi/lib/armv7-m/crt0.o
LOAD src/hGPIO_LIB.o
LOAD src/main.o
LOAD src/syscalls.o
LOAD src/system_stm32l1xx.o
LOAD startup/startup_stm32l1xx_xl.o
LOAD G:\Documents and stuff\Project Avalanche\Workspace 4\nucleo-l152re_stdperiph_lib\Debug\libnucleo-l152re_stdperiph_lib.a
LOAD g:/porgrams/stm32 system workbench/plugins/fr.ac6.mcu.externaltools.arm-none.win32_1.13.2.201705091103/tools/compiler/bin/../lib/gcc/arm-none-eabi/5.4.1/../../../../arm-none-eabi/lib/armv7-m\libm.a
START GROUP
LOAD g:/porgrams/stm32 system workbench/plugins/fr.ac6.mcu.externaltools.arm-none.win32_1.13.2.201705091103/tools/compiler/bin/../lib/gcc/arm-none-eabi/5.4.1/armv7-m\libgcc.a
LOAD g:/porgrams/stm32 system workbench/plugins/fr.ac6.mcu.externaltools.arm-none.win32_1.13.2.201705091103/tools/compiler/bin/../lib/gcc/arm-none-eabi/5.4.1/../../../../arm-none-eabi/lib/armv7-m\libc.a
END GROUP
LOAD g:/porgrams/stm32 system workbench/plugins/fr.ac6.mcu.externaltools.arm-none.win32_1.13.2.201705091103/tools/compiler/bin/../lib/gcc/arm-none-eabi/5.4.1/armv7-m/crtend.o
LOAD g:/porgrams/stm32 system workbench/plugins/fr.ac6.mcu.externaltools.arm-none.win32_1.13.2.201705091103/tools/compiler/bin/../lib/gcc/arm-none-eabi/5.4.1/armv7-m/crtn.o
                0x20014000                _estack = 0x20014000
                0x00000200                _Min_Heap_Size = 0x200
                0x00000400                _Min_Stack_Size = 0x400

.isr_vector     0x08000000      0x13c
                0x08000000                . = ALIGN (0x4)
 *(.isr_vector)
 .isr_vector    0x08000000      0x13c startup/startup_stm32l1xx_xl.o
                0x08000000                g_pfnVectors
                0x0800013c                . = ALIGN (0x4)

.text           0x0800013c      0x38c
                0x0800013c                . = ALIGN (0x4)
 *(.text)
 .text          0x0800013c       0x5c g:/porgrams/stm32 system workbench/plugins/fr.ac6.mcu.externaltools.arm-none.win32_1.13.2.201705091103/tools/compiler/bin/../lib/gcc/arm-none-eabi/5.4.1/armv7-m/crtbegin.o
 *(.text*)
 .text.main     0x08000198        0x8 src/main.o
                0x08000198                main
 .text.SystemInit
                0x080001a0       0x68 src/system_stm32l1xx.o
                0x080001a0                SystemInit
 .text.SetSysClock
                0x08000208      0x120 src/system_stm32l1xx.o
 .text.Reset_Handler
                0x08000328       0x48 startup/startup_stm32l1xx_xl.o
                0x08000328                Reset_Handler
 .text.Default_Handler
                0x08000370        0x2 startup/startup_stm32l1xx_xl.o
                0x08000370                RTC_Alarm_IRQHandler
                0x08000370                EXTI2_IRQHandler
                0x08000370                COMP_ACQ_IRQHandler
                0x08000370                DebugMon_Handler
                0x08000370                HardFault_Handler
                0x08000370                TIM10_IRQHandler
                0x08000370                USB_HP_IRQHandler
                0x08000370                TIM6_IRQHandler
                0x08000370                SysTick_Handler
                0x08000370                PVD_IRQHandler
                0x08000370                PendSV_Handler
                0x08000370                NMI_Handler
                0x08000370                EXTI3_IRQHandler
                0x08000370                EXTI0_IRQHandler
                0x08000370                I2C2_EV_IRQHandler
                0x08000370                UsageFault_Handler
                0x08000370                SPI1_IRQHandler
                0x08000370                USB_FS_WKUP_IRQHandler
                0x08000370                DMA2_Channel2_IRQHandler
                0x08000370                DMA1_Channel4_IRQHandler
                0x08000370                ADC1_IRQHandler
                0x08000370                USART3_IRQHandler
                0x08000370                DMA1_Channel7_IRQHandler
                0x08000370                LCD_IRQHandler
                0x08000370                UART5_IRQHandler
                0x08000370                TIM4_IRQHandler
                0x08000370                DMA2_Channel1_IRQHandler
                0x08000370                I2C1_EV_IRQHandler
                0x08000370                DMA1_Channel6_IRQHandler
                0x08000370                UART4_IRQHandler
                0x08000370                DMA2_Channel4_IRQHandler
                0x08000370                TIM3_IRQHandler
                0x08000370                RCC_IRQHandler
                0x08000370                DMA1_Channel1_IRQHandler
                0x08000370                Default_Handler
                0x08000370                EXTI15_10_IRQHandler
                0x08000370                TIM7_IRQHandler
                0x08000370                TIM5_IRQHandler
                0x08000370                EXTI9_5_IRQHandler
                0x08000370                TIM9_IRQHandler
                0x08000370                TAMPER_STAMP_IRQHandler
                0x08000370                RTC_WKUP_IRQHandler
                0x08000370                SPI2_IRQHandler
                0x08000370                MemManage_Handler
                0x08000370                SVC_Handler
                0x08000370                DMA2_Channel5_IRQHandler
                0x08000370                DMA1_Channel5_IRQHandler
                0x08000370                USB_LP_IRQHandler
                0x08000370                EXTI4_IRQHandler
                0x08000370                DMA1_Channel3_IRQHandler
                0x08000370                COMP_IRQHandler
                0x08000370                WWDG_IRQHandler
                0x08000370                TIM2_IRQHandler
                0x08000370                DAC_IRQHandler
                0x08000370                EXTI1_IRQHandler
                0x08000370                AES_IRQHandler
                0x08000370                TIM11_IRQHandler
                0x08000370                USART2_IRQHandler
                0x08000370                I2C2_ER_IRQHandler
                0x08000370                DMA1_Channel2_IRQHandler
                0x08000370                FLASH_IRQHandler
                0x08000370                BusFault_Handler
                0x08000370                USART1_IRQHandler
                0x08000370                SPI3_IRQHandler
                0x08000370                I2C1_ER_IRQHandler
                0x08000370                DMA2_Channel3_IRQHandler
 *fill*         0x08000372        0x2 
 .text.__libc_init_array
                0x08000374       0x50 g:/porgrams/stm32 system workbench/plugins/fr.ac6.mcu.externaltools.arm-none.win32_1.13.2.201705091103/tools/compiler/bin/../lib/gcc/arm-none-eabi/5.4.1/../../../../arm-none-eabi/lib/armv7-m\libc.a(lib_a-init.o)
                0x08000374                __libc_init_array
 .text.startup.register_fini
                0x080003c4       0x14 g:/porgrams/stm32 system workbench/plugins/fr.ac6.mcu.externaltools.arm-none.win32_1.13.2.201705091103/tools/compiler/bin/../lib/gcc/arm-none-eabi/5.4.1/../../../../arm-none-eabi/lib/armv7-m\libc.a(lib_a-__call_atexit.o)
 .text.atexit   0x080003d8        0xc g:/porgrams/stm32 system workbench/plugins/fr.ac6.mcu.externaltools.arm-none.win32_1.13.2.201705091103/tools/compiler/bin/../lib/gcc/arm-none-eabi/5.4.1/../../../../arm-none-eabi/lib/armv7-m\libc.a(lib_a-atexit.o)
                0x080003d8                atexit
 .text.__libc_fini_array
                0x080003e4       0x28 g:/porgrams/stm32 system workbench/plugins/fr.ac6.mcu.externaltools.arm-none.win32_1.13.2.201705091103/tools/compiler/bin/../lib/gcc/arm-none-eabi/5.4.1/../../../../arm-none-eabi/lib/armv7-m\libc.a(lib_a-fini.o)
                0x080003e4                __libc_fini_array
 .text.__register_exitproc
                0x0800040c       0xa4 g:/porgrams/stm32 system workbench/plugins/fr.ac6.mcu.externaltools.arm-none.win32_1.13.2.201705091103/tools/compiler/bin/../lib/gcc/arm-none-eabi/5.4.1/../../../../arm-none-eabi/lib/armv7-m\libc.a(lib_a-__atexit.o)
                0x0800040c                __register_exitproc
 *(.glue_7)
 .glue_7        0x080004b0        0x0 linker stubs
 *(.glue_7t)
 .glue_7t       0x080004b0        0x0 linker stubs
 *(.eh_frame)
 .eh_frame      0x080004b0        0x0 g:/porgrams/stm32 system workbench/plugins/fr.ac6.mcu.externaltools.arm-none.win32_1.13.2.201705091103/tools/compiler/bin/../lib/gcc/arm-none-eabi/5.4.1/armv7-m/crtbegin.o
 *(.init)
 .init          0x080004b0        0x4 g:/porgrams/stm32 system workbench/plugins/fr.ac6.mcu.externaltools.arm-none.win32_1.13.2.201705091103/tools/compiler/bin/../lib/gcc/arm-none-eabi/5.4.1/armv7-m/crti.o
                0x080004b0                _init
 .init          0x080004b4        0x8 g:/porgrams/stm32 system workbench/plugins/fr.ac6.mcu.externaltools.arm-none.win32_1.13.2.201705091103/tools/compiler/bin/../lib/gcc/arm-none-eabi/5.4.1/armv7-m/crtn.o
 *(.fini)
 .fini          0x080004bc        0x4 g:/porgrams/stm32 system workbench/plugins/fr.ac6.mcu.externaltools.arm-none.win32_1.13.2.201705091103/tools/compiler/bin/../lib/gcc/arm-none-eabi/5.4.1/armv7-m/crti.o
                0x080004bc                _fini
 .fini          0x080004c0        0x8 g:/porgrams/stm32 system workbench/plugins/fr.ac6.mcu.externaltools.arm-none.win32_1.13.2.201705091103/tools/compiler/bin/../lib/gcc/arm-none-eabi/5.4.1/armv7-m/crtn.o
                0x080004c8                . = ALIGN (0x4)
                0x080004c8                _etext = .

.vfp11_veneer   0x080004c8        0x0
 .vfp11_veneer  0x080004c8        0x0 linker stubs

.v4_bx          0x080004c8        0x0
 .v4_bx         0x080004c8        0x0 linker stubs

.iplt           0x080004c8        0x0
 .iplt          0x080004c8        0x0 g:/porgrams/stm32 system workbench/plugins/fr.ac6.mcu.externaltools.arm-none.win32_1.13.2.201705091103/tools/compiler/bin/../lib/gcc/arm-none-eabi/5.4.1/armv7-m/crtbegin.o

.rodata         0x080004c8        0x4
                0x080004c8                . = ALIGN (0x4)
 *(.rodata)
 *(.rodata*)
 .rodata._global_impure_ptr
                0x080004c8        0x4 g:/porgrams/stm32 system workbench/plugins/fr.ac6.mcu.externaltools.arm-none.win32_1.13.2.201705091103/tools/compiler/bin/../lib/gcc/arm-none-eabi/5.4.1/../../../../arm-none-eabi/lib/armv7-m\libc.a(lib_a-impure.o)
                0x080004c8                _global_impure_ptr
                0x080004cc                . = ALIGN (0x4)

.rel.dyn        0x080004cc        0x0
 .rel.iplt      0x080004cc        0x0 g:/porgrams/stm32 system workbench/plugins/fr.ac6.mcu.externaltools.arm-none.win32_1.13.2.201705091103/tools/compiler/bin/../lib/gcc/arm-none-eabi/5.4.1/armv7-m/crtbegin.o

.ARM.extab
 *(.ARM.extab* .gnu.linkonce.armextab.*)

.ARM            0x080004cc        0x0
                0x080004cc                __exidx_start = .
 *(.ARM.exidx*)
                0x080004cc                __exidx_end = .

.preinit_array  0x080004cc        0x0
                0x080004cc                PROVIDE (__preinit_array_start, .)
 *(.preinit_array*)
                0x080004cc                PROVIDE (__preinit_array_end, .)

.init_array     0x080004cc        0x8
                0x080004cc                PROVIDE (__init_array_start, .)
 *(SORT(.init_array.*))
 .init_array.00000
                0x080004cc        0x4 g:/porgrams/stm32 system workbench/plugins/fr.ac6.mcu.externaltools.arm-none.win32_1.13.2.201705091103/tools/compiler/bin/../lib/gcc/arm-none-eabi/5.4.1/../../../../arm-none-eabi/lib/armv7-m\libc.a(lib_a-__call_atexit.o)
 *(.init_array*)
 .init_array    0x080004d0        0x4 g:/porgrams/stm32 system workbench/plugins/fr.ac6.mcu.externaltools.arm-none.win32_1.13.2.201705091103/tools/compiler/bin/../lib/gcc/arm-none-eabi/5.4.1/armv7-m/crtbegin.o
                0x080004d4                PROVIDE (__init_array_end, .)

.fini_array     0x080004d4        0x4
                0x080004d4                PROVIDE (__fini_array_start, .)
 *(SORT(.fini_array.*))
 *(.fini_array*)
 .fini_array    0x080004d4        0x4 g:/porgrams/stm32 system workbench/plugins/fr.ac6.mcu.externaltools.arm-none.win32_1.13.2.201705091103/tools/compiler/bin/../lib/gcc/arm-none-eabi/5.4.1/armv7-m/crtbegin.o
                0x080004d8                PROVIDE (__fini_array_end, .)
                0x080004d8                _sidata = LOADADDR (.data)

.data           0x20000000      0x428 load address 0x080004d8
                0x20000000                . = ALIGN (0x4)
                0x20000000                _sdata = .
 *(.data)
 *(.data*)
 .data.impure_data
                0x20000000      0x428 g:/porgrams/stm32 system workbench/plugins/fr.ac6.mcu.externaltools.arm-none.win32_1.13.2.201705091103/tools/compiler/bin/../lib/gcc/arm-none-eabi/5.4.1/../../../../arm-none-eabi/lib/armv7-m\libc.a(lib_a-impure.o)
 *(.RamFunc)
                0x20000428                . = ALIGN (0x4)
                0x20000428                _edata = .

.jcr            0x20000428        0x0 load address 0x08000900
 .jcr           0x20000428        0x0 g:/porgrams/stm32 system workbench/plugins/fr.ac6.mcu.externaltools.arm-none.win32_1.13.2.201705091103/tools/compiler/bin/../lib/gcc/arm-none-eabi/5.4.1/armv7-m/crtbegin.o

.igot.plt       0x20000428        0x0 load address 0x08000900
 .igot.plt      0x20000428        0x0 g:/porgrams/stm32 system workbench/plugins/fr.ac6.mcu.externaltools.arm-none.win32_1.13.2.201705091103/tools/compiler/bin/../lib/gcc/arm-none-eabi/5.4.1/armv7-m/crtbegin.o
                0x20000428                . = ALIGN (0x4)

.bss            0x20000428       0x1c load address 0x08000900
                0x20000428                _sbss = .
                0x20000428                __bss_start__ = _sbss
 *(.bss)
 .bss           0x20000428       0x1c g:/porgrams/stm32 system workbench/plugins/fr.ac6.mcu.externaltools.arm-none.win32_1.13.2.201705091103/tools/compiler/bin/../lib/gcc/arm-none-eabi/5.4.1/armv7-m/crtbegin.o
 *(.bss*)
 *(COMMON)
                0x20000444                . = ALIGN (0x4)
                0x20000444                _ebss = .
                0x20000444                __bss_end__ = _ebss

._user_heap_stack
                0x20000444      0x604 load address 0x08000900
                0x20000448                . = ALIGN (0x8)
 *fill*         0x20000444        0x4 
                0x20000448                PROVIDE (end, .)
                [!provide]                PROVIDE (_end, .)
                0x20000648                . = (. + _Min_Heap_Size)
 *fill*         0x20000448      0x200 
                0x20000a48                . = (. + _Min_Stack_Size)
 *fill*         0x20000648      0x400 
                0x20000a48                . = ALIGN (0x8)

.memory_b1_text
 *(.mb1text)
 *(.mb1text*)
 *(.mb1rodata)
 *(.mb1rodata*)

/DISCARD/
 libc.a(*)
 libm.a(*)
 libgcc.a(*)

.ARM.attributes
                0x00000000       0x29
 *(.ARM.attributes)
 .ARM.attributes
                0x00000000       0x1d g:/porgrams/stm32 system workbench/plugins/fr.ac6.mcu.externaltools.arm-none.win32_1.13.2.201705091103/tools/compiler/bin/../lib/gcc/arm-none-eabi/5.4.1/armv7-m/crti.o
 .ARM.attributes
                0x0000001d       0x2d g:/porgrams/stm32 system workbench/plugins/fr.ac6.mcu.externaltools.arm-none.win32_1.13.2.201705091103/tools/compiler/bin/../lib/gcc/arm-none-eabi/5.4.1/armv7-m/crtbegin.o
 .ARM.attributes
                0x0000004a       0x33 src/main.o
 .ARM.attributes
                0x0000007d       0x33 src/system_stm32l1xx.o
 .ARM.attributes
                0x000000b0       0x21 startup/startup_stm32l1xx_xl.o
 .ARM.attributes
                0x000000d1       0x2d g:/porgrams/stm32 system workbench/plugins/fr.ac6.mcu.externaltools.arm-none.win32_1.13.2.201705091103/tools/compiler/bin/../lib/gcc/arm-none-eabi/5.4.1/../../../../arm-none-eabi/lib/armv7-m\libc.a(lib_a-impure.o)
 .ARM.attributes
                0x000000fe       0x2d g:/porgrams/stm32 system workbench/plugins/fr.ac6.mcu.externaltools.arm-none.win32_1.13.2.201705091103/tools/compiler/bin/../lib/gcc/arm-none-eabi/5.4.1/../../../../arm-none-eabi/lib/armv7-m\libc.a(lib_a-init.o)
 .ARM.attributes
                0x0000012b       0x2d g:/porgrams/stm32 system workbench/plugins/fr.ac6.mcu.externaltools.arm-none.win32_1.13.2.201705091103/tools/compiler/bin/../lib/gcc/arm-none-eabi/5.4.1/../../../../arm-none-eabi/lib/armv7-m\libc.a(lib_a-__call_atexit.o)
 .ARM.attributes
                0x00000158       0x2d g:/porgrams/stm32 system workbench/plugins/fr.ac6.mcu.externaltools.arm-none.win32_1.13.2.201705091103/tools/compiler/bin/../lib/gcc/arm-none-eabi/5.4.1/../../../../arm-none-eabi/lib/armv7-m\libc.a(lib_a-atexit.o)
 .ARM.attributes
                0x00000185       0x2d g:/porgrams/stm32 system workbench/plugins/fr.ac6.mcu.externaltools.arm-none.win32_1.13.2.201705091103/tools/compiler/bin/../lib/gcc/arm-none-eabi/5.4.1/../../../../arm-none-eabi/lib/armv7-m\libc.a(lib_a-fini.o)
 .ARM.attributes
                0x000001b2       0x2d g:/porgrams/stm32 system workbench/plugins/fr.ac6.mcu.externaltools.arm-none.win32_1.13.2.201705091103/tools/compiler/bin/../lib/gcc/arm-none-eabi/5.4.1/../../../../arm-none-eabi/lib/armv7-m\libc.a(lib_a-__atexit.o)
 .ARM.attributes
                0x000001df       0x1d g:/porgrams/stm32 system workbench/plugins/fr.ac6.mcu.externaltools.arm-none.win32_1.13.2.201705091103/tools/compiler/bin/../lib/gcc/arm-none-eabi/5.4.1/armv7-m/crtn.o
OUTPUT(CustomLIbs.elf elf32-littlearm)

.debug_info     0x00000000      0x6ba
 .debug_info    0x00000000       0xb3 src/main.o
 .debug_info    0x000000b3      0x57b src/system_stm32l1xx.o
 .debug_info    0x0000062e       0x8c startup/startup_stm32l1xx_xl.o

.debug_abbrev   0x00000000      0x1ca
 .debug_abbrev  0x00000000       0x6c src/main.o
 .debug_abbrev  0x0000006c      0x14c src/system_stm32l1xx.o
 .debug_abbrev  0x000001b8       0x12 startup/startup_stm32l1xx_xl.o

.debug_aranges  0x00000000       0x78
 .debug_aranges
                0x00000000       0x20 src/main.o
 .debug_aranges
                0x00000020       0x30 src/system_stm32l1xx.o
 .debug_aranges
                0x00000050       0x28 startup/startup_stm32l1xx_xl.o

.debug_ranges   0x00000000       0x50
 .debug_ranges  0x00000000       0x10 src/main.o
 .debug_ranges  0x00000010       0x20 src/system_stm32l1xx.o
 .debug_ranges  0x00000030       0x20 startup/startup_stm32l1xx_xl.o

.debug_macro    0x00000000      0x4b2
 .debug_macro   0x00000000      0x1ac src/main.o
 .debug_macro   0x000001ac      0x157 src/main.o
 .debug_macro   0x00000303      0x1af src/system_stm32l1xx.o

.debug_line     0x00000000      0xe42
 .debug_line    0x00000000      0x6d5 src/main.o
 .debug_line    0x000006d5      0x6ef src/system_stm32l1xx.o
 .debug_line    0x00000dc4       0x7e startup/startup_stm32l1xx_xl.o

.debug_str      0x00000000    0x51bf8
 .debug_str     0x00000000    0x519df src/main.o
                              0x51b42 (size before relaxing)
 .debug_str     0x000519df      0x219 src/system_stm32l1xx.o
                              0x5177f (size before relaxing)

.comment        0x00000000       0x6e
 .comment       0x00000000       0x6e src/main.o
                                 0x6f (size before relaxing)
 .comment       0x0000006e       0x6f src/system_stm32l1xx.o

.debug_frame    0x00000000      0x1a8
 .debug_frame   0x00000000       0x28 src/main.o
 .debug_frame   0x00000028       0x7c src/system_stm32l1xx.o
 .debug_frame   0x000000a4       0x2c g:/porgrams/stm32 system workbench/plugins/fr.ac6.mcu.externaltools.arm-none.win32_1.13.2.201705091103/tools/compiler/bin/../lib/gcc/arm-none-eabi/5.4.1/../../../../arm-none-eabi/lib/armv7-m\libc.a(lib_a-init.o)
 .debug_frame   0x000000d0       0x50 g:/porgrams/stm32 system workbench/plugins/fr.ac6.mcu.externaltools.arm-none.win32_1.13.2.201705091103/tools/compiler/bin/../lib/gcc/arm-none-eabi/5.4.1/../../../../arm-none-eabi/lib/armv7-m\libc.a(lib_a-__call_atexit.o)
 .debug_frame   0x00000120       0x20 g:/porgrams/stm32 system workbench/plugins/fr.ac6.mcu.externaltools.arm-none.win32_1.13.2.201705091103/tools/compiler/bin/../lib/gcc/arm-none-eabi/5.4.1/../../../../arm-none-eabi/lib/armv7-m\libc.a(lib_a-atexit.o)
 .debug_frame   0x00000140       0x34 g:/porgrams/stm32 system workbench/plugins/fr.ac6.mcu.externaltools.arm-none.win32_1.13.2.201705091103/tools/compiler/bin/../lib/gcc/arm-none-eabi/5.4.1/../../../../arm-none-eabi/lib/armv7-m\libc.a(lib_a-fini.o)
 .debug_frame   0x00000174       0x34 g:/porgrams/stm32 system workbench/plugins/fr.ac6.mcu.externaltools.arm-none.win32_1.13.2.201705091103/tools/compiler/bin/../lib/gcc/arm-none-eabi/5.4.1/../../../../arm-none-eabi/lib/armv7-m\libc.a(lib_a-__atexit.o)
